
Memory Configuration

Name             Origin             Length             Attributes
FLASH            0x08000000         0x00080000         xr
SRAM             0x20000000         0x00018000         xrw
*default*        0x00000000         0xffffffff

Linker script and memory map

LOAD main.o
LOAD stm32_startup.o
                0x00000400                __max_heap_size = 0x400
                0x00000200                __max_stack_size = 0x200

.text           0x08000000      0x5b0
 *(.isr_vector)
 .isr_vector    0x08000000      0x120 stm32_startup.o
                0x08000000                vectors
 *(.text)
 .text          0x08000120      0x3fc main.o
                0x08000120                main
                0x08000148                enable_handlers
                0x0800016c                init_scheduler_stack
                0x08000174                init_tasks
                0x0800020c                init_tasks_psp
                0x08000288                Init_SysTick_Timer
                0x080002e0                change_sp_to_psp
                0x0800032c                delay_task
                0x08000390                Task_Idle
                0x08000396                Task_1_Handler
                0x080003a4                Task_2_Handler
                0x080003b2                Task_3_Handler
                0x080003be                Task_4_Handler
                0x080003ca                switch_task
                0x08000448                PendSV_Handler
                0x0800048c                SysTick_Handler
                0x08000504                HardFault_Handler
                0x0800050a                MemManage_Handler
                0x08000510                BusFault_Handler
                0x08000516                UsageFault_Handler
 .text          0x0800051c       0x90 stm32_startup.o
                0x0800051c                Reset_Handler
                0x080005a0                EXTI2_IRQHandler
                0x080005a0                SVCall_Handler
                0x080005a0                SPI4_IRQHandler
                0x080005a0                TIM1_CC_IRQHandler
                0x080005a0                Systick_Handler
                0x080005a0                DMA2_Stream5_IRQHandler
                0x080005a0                DMA1_Stream5_IRQHandler
                0x080005a0                PVD_IRQHandler
                0x080005a0                SDIO_IRQHandler
                0x080005a0                TAMP_STAMP_IRQHandler
                0x080005a0                NMI_Handler
                0x080005a0                EXTI3_IRQHandler
                0x080005a0                TIM1_UP_TIM10_IRQHandler
                0x080005a0                EXTI0_IRQHandler
                0x080005a0                I2C2_EV_IRQHandler
                0x080005a0                DMA1_Stream2_IRQHandler
                0x080005a0                FPU_IRQHandler
                0x080005a0                I2C3_ER_Stream6_IRQHandler
                0x080005a0                DMA2_Stream2_IRQHandler
                0x080005a0                SPI1_IRQHandler
                0x080005a0                TIM1_BRK_TIM9_IRQHandler
                0x080005a0                DMA2_Stream3_IRQHandler
                0x080005a0                USART6_IRQHandler
                0x080005a0                RTC_Alarm_IRQHandler
                0x080005a0                DMA2_Stream0_IRQHandler
                0x080005a0                TIM4_IRQHandler
                0x080005a0                I2C1_EV_IRQHandler
                0x080005a0                DMA1_Stream6_IRQHandler
                0x080005a0                DMA1_Stream1_IRQHandler
                0x080005a0                TIM3_IRQHandler
                0x080005a0                RCC_IRQHandler
                0x080005a0                Default_Handler
                0x080005a0                EXTI15_10_IRQHandler
                0x080005a0                ADC_IRQHandler
                0x080005a0                DMA1_Stream7_IRQHandler
                0x080005a0                TIM5_IRQHandler
                0x080005a0                DMA2_Stream7_IRQHandler
                0x080005a0                I2C3_EV_IRQHandler
                0x080005a0                EXTI9_5_IRQHandler
                0x080005a0                RTC_WKUP_IRQHandler
                0x080005a0                SPI2_IRQHandler
                0x080005a0                DMA1_Stream0_IRQHandler
                0x080005a0                EXTI4_IRQHandler
                0x080005a0                WWDG_IRQHandler
                0x080005a0                TIM2_IRQHandler
                0x080005a0                OTG_FS_WKUP_IRQHandler
                0x080005a0                TIM1_TRG_COM_TIM11_IRQHandler
                0x080005a0                EXTI1_IRQHandler
                0x080005a0                USART2_IRQHandler
                0x080005a0                I2C2_ER_IRQHandler
                0x080005a0                DMA2_Stream1_IRQHandler
                0x080005a0                FLASH_IRQHandler
                0x080005a0                DMA2_Stream4_IRQHandler
                0x080005a0                USART1_IRQHandler
                0x080005a0                OTG_FS_IRQHandler
                0x080005a0                SPI3_IRQHandler
                0x080005a0                DMA1_Stream4_IRQHandler
                0x080005a0                I2C1_ER_IRQHandler
                0x080005a0                DebugMonitor_Handler
                0x080005a0                DMA2_Stream6_IRQHandler
                0x080005a0                DMA1_Stream3_IRQHandler
 *(.rodata)
 .rodata        0x080005ac        0x4 main.o
                0x080005ac                ICSR
                0x080005b0                _end_of_text = .

.glue_7         0x080005b0        0x0
 .glue_7        0x080005b0        0x0 linker stubs

.glue_7t        0x080005b0        0x0
 .glue_7t       0x080005b0        0x0 linker stubs

.vfp11_veneer   0x080005b0        0x0
 .vfp11_veneer  0x080005b0        0x0 linker stubs

.v4_bx          0x080005b0        0x0
 .v4_bx         0x080005b0        0x0 linker stubs

.iplt           0x080005b0        0x0
 .iplt          0x080005b0        0x0 main.o

.rel.dyn        0x080005b0        0x0
 .rel.iplt      0x080005b0        0x0 main.o

.data           0x20000000        0x0 load address 0x080005b0
                0x20000000                _start_of_data = .
 *(.data)
 .data          0x20000000        0x0 main.o
 .data          0x20000000        0x0 stm32_startup.o
                0x20000000                _end_of_data = .

.igot.plt       0x20000000        0x0 load address 0x080005b0
 .igot.plt      0x20000000        0x0 main.o

.bss            0x20000000       0x58 load address 0x080005b0
                0x20000000                _start_of_bss = .
 *(.bss)
 .bss           0x20000000       0x58 main.o
                0x20000000                current_task
                0x20000004                global_tick_count
                0x20000008                tasks
 .bss           0x20000058        0x0 stm32_startup.o
                0x20000058                _end_of_bss = .
OUTPUT(final.elf elf32-littlearm)
LOAD linker stubs

.comment        0x00000000       0x49
 .comment       0x00000000       0x49 main.o
                                 0x4a (size before relaxing)
 .comment       0x00000049       0x4a stm32_startup.o

.ARM.attributes
                0x00000000       0x2e
 .ARM.attributes
                0x00000000       0x2e main.o
 .ARM.attributes
                0x0000002e       0x2e stm32_startup.o
